2ip.ru
bard.google.com
copilot.microsoft.com
discord-attachments-uploads-prd.storage.googleapis.com
gemini.google.com
lookerstudio.google.com
news.google.com
play.google.com
suggestqueries.google.com
wide-youtube.l.google.com
youtube-ui.l.google.com
youtubeembeddedplayer.googleapis.com
youtubei.googleapis.com
ytimg.l.google.com
*youtu.be
*youtube-nocookie.com
*youtube.com
*youtubekids.com
*yaoilib.me
*x.com
*tweetdeck.com
*twimg.com
*twirpx.com
*twitpic.com
*twitter.biz
*twitter.com
*twitter.jp
*twittercommunity.com
*twitterflightschool.com
*twitterinc.com
*twitteroauth.com
*twitterstat.us
*twtrdns.net
*twttr.com
*twttr.net
*twvid.com
*tik-tokapi.com
*tiktok.com
*tiktokcdn-eu.com
*tiktokcdn-us.com
*tiktokcdn.com
*tiktokd.net
*tiktokd.org
*tiktokv.com
*tiktokv.us
*tiktokw.us
*threads.net
*t.co
*rutor.info
*rutor.is
*rutor.org
*rutracker.cc
*rutracker.net
*rutracker.org
*rutracker.ru
*redgifs.com
*pornhub.com
*pornolab.net
*pixiv.net
*paypal.com
*patreon.com
*openai.com
*ocstore.com
*oculus.com
*notion-static.com
*notion.com
*notion.new
*notion.site
*notion.so
*mangadex.org
*mangahub.ru
*mangapark.net
*m3u.in
*linkedin.com
*iptv.online
*instagram.com
*hdrezka.ac
*hdrezka.ag
*habr.com
*googletagmanager.com
*googlevideo.com
*gitlab.com
*gitlab.io
*gfn.am
*geforcenow.com
*flibusta.is
*flibusta.net
*ficbook.net
*facebook.com
*facebook.net
*etsy.com
*dpidetector.org
*dorama.live
*doramalive.ru
*doramy.club
*dis.gd
*discord-activities.com
*discord.co
*discord.com
*discord.design
*discord.dev
*discord.gg
*discord.gift
*discord.gifts
*discord.media
*discord.new
*discord.store
*discord.tools
*discordactivities.com
*discordapp.com
*discordapp.io
*discordapp.net
*discordapp.org
*discordmerch.com
*discordpartygames.com
*discordsays.com
*discordstatus.com
*discours.io
*disctech.com
*deviantart.com
*chatgpt.com
*cdninstagram.com
*atlassian.com
*amnezia.org
*ads-twitter.com
*adobe.com
*adobe.io
*adguard-dns.com
*adguard.com
*4pda.ru
*4pda.to
*4pna.com
*big-bang-theory.page
