2ip.ru
gemini.google.com
news.google.com
play.google.com
*yaoilib.me
*tik-tokapi.com
*tiktok.com
*tiktokcdn-eu.com
*tiktokcdn-us.com
*tiktokcdn.com
*tiktokd.net
*tiktokd.org
*tiktokv.com
*tiktokv.us
*tiktokw.us
*rutor.info
*rutor.is
*rutor.org
*rutracker.cc
*rutracker.net
*rutracker.org
*rutracker.ru
*redgifs.com
*pixiv.net
*openai.com
*ocstore.com
*oculus.com
*mangadex.org
*mangahub.ru
*mangapark.net
*linkedin.com
*habr.com
*gitlab.com
*gitlab.io
*gfn.am
*geforcenow.com
*flibusta.is
*flibusta.net
*ficbook.net
*dpidetector.org
*chatgpt.com
*atlassian.com
*amnezia.org
*4pda.ru
*4pda.to
*4pna.com
*big-bang-theory.page
*googleusercontent.com
nhacmp3youtube.com
*ytimg.com
*ggpht.com
*googlevideo.com
yt3.ggpht.com
yt4.ggpht.com
*youtube.com
i.ytimg.com
youtubei.googleapis.com
yt3.googleusercontent.com
m.youtube.com
googleapis.com
gstatic.com
*s.youtube.com
www.youtube.com
*youtu.be
*gvt1.com
yt.be
ytimg.l.google.com
*video-stats.l.google.com
*video.google.com
*youtube-ui.l.google.com
*youtubekids.com
ab.chatgpt.com
api.openai.com
arena.openai.com
auth.openai.com
auth0.openai.com
beta.api.openai.com
beta.openai.com
blog.openai.com
cdn.oaistatic.com
cdn.openai.com
chat.openai.com
community.openai.com
contest.openai.com
debate-game.openai.com
discuss.openai.com
files.oaiusercontent.com
gpt3-openai.com
gym.openai.com
help.openai.com
ios.chat.openai.com
jukebox.openai.com
labs.openai.com
microscope.openai.com
oaistatic.com
openai.com
openai.fund
openai.org
platform.api.openai.com
platform.openai.com
spinningup.openai
chatgpt.com
ns1.cloudflare.net
*dis.gd
*discord-attachments-uploads-prd.storage.googleapis.com
*discord-activities.com
*discord.co
*discord.com
*discord.design
*discord.dev
*discord.gg
*discord.gift
*discord.gifts
*discord.media
*discord.new
*discord.store
*discord.tools
*discordactivities.com
*stable.dl2.discordapp.net
*discordapp.com
*discordapp.net
*discordcdn.com
*discordmerch.com
*discordpartygames.com
*discordsays.com
*discordsez.com
*discordstatus.com
*cdninstagram.com
*instagram.com
*threads.net
*threadsapp.net
*.ig.me
achat-followers-instagram.com
acheter-followers-instagram.com
acheterdesfollowersinstagram.com
acheterfollowersinstagram.com
bookstagram.com
carstagram.com
cdninstagram.com
chickstagram.com
ig.me
igcdn.com
igsonar.com
igtv.com
imstagram.com
imtagram.com
instaadder.com
instachecker.com
instafallow.com
instafollower.com
instagainer.com
instagda.com
instagify.com
instagmania.com
instagor.com
instagram-brand.com
instagram-engineering.com
instagram-help.com
instagram-press.com
instagram-press.net
instagram.com
instagramci.com
instagramcn.com
instagramdi.com
instagramhashtags.net
instagramhilecim.com
instagramhilesi.org
instagramium.com
instagramizlenme.com
instagramkusu.com
instagramlogin.com
instagramm.com
instagramn.com
instagrampartners.com
instagramphoto.com
instagramq.com
instagramsepeti.com
instagramtakipcisatinal.net
instagramtakiphilesi.com
instagramtips.com
instagramtr.com
instagran.com
instagranm.com
instagrem.com
instagrm.com
instagtram.com
instagy.com
instamgram.com
instangram.com
instanttelegram.com
instaplayer.net
instastyle.tv
instgram.com
intagram.com
intagrm.com
intgram.com
kingstagram.com
lnstagram-help.com
theinstagramhack.com
oninstagram.com
online-instagram.com
onlineinstagram.com
web-instagram.net
wwwinstagram.com
*facebook.com
*accountkit.com
*atdmt.com
*atlassolutions.com
*facebook.net
*facebookmail.com
*fb.com
*fb.gg
*fb.watch
*fbcdn.net
*fbsbx.com
*fbwat.ch
*parse.com
*m.me
*messenger.com
*msngr.com
*.t.co
t.co
*twimg.com
*twitter.com
x.com
*.x.com
ads-twitter.com
*pscp.tv
*twtrdns.net
*twttr.net
*twttr.com
*abs.twimg.com
*rutor.info
*rutor.is
*rutracker.net
*rutracker.ru
*rutracker.cc
*rutrk.org
*rutracker.org
*rutor.org
*missav.ws
*steamdb.info
*lookerstudio.google.com