*myip2.ru
*yaoilib.me
*rutor.info
*rutor.is
*rutor.org
*rutracker.cc
*rutracker.net
*rutracker.org
*rutracker.ru
*redgifs.com
*pixiv.net
*ocstore.com
*oculus.com
*mangadex.org
*mangahub.ru
*mangapark.net
*linkedin.com
*habr.com
*gitlab.com
*gitlab.io
*gfn.am
*geforcenow.com
*flibusta.is
*flibusta.net
*ficbook.net
*dpidetector.org
*atlassian.com
*amnezia.org
*4pda.ru
*4pda.to
*4pna.com
*big-bang-theory.page
*beta.api.openai.com
*beta.openai.com
*blog.openai.com
*cdn.openai.com
*community.openai.com
*contest.openai.com
*debate-game.openai.com
*discuss.openai.com
*gpt3-openai.com
*gym.openai.com
*help.openai.com
*ios.chat.openai.com
*jukebox.openai.com
*labs.openai.com
*microscope.openai.com
*oaistatic.com
*openai.com
*openai.fund
*openai.org
*platform.api.openai.com
*platform.openai.com
*spinningup.openai
*dis.gd
*discord-attachments-uploads-prd.storage.googleapis.com
*discord-activities.com
*discord.co
*discord.com
*discord.design
*discord.dev
*discord.gg
*discord.gift
*discord.gifts
*discord.media
*discord.new
*discord.store
*discord.tools
*discordactivities.com
*stable.dl2.discordapp.net
*discordapp.com
*discordapp.net
*discordcdn.com
*discordmerch.com
*discordpartygames.com
*discordsays.com
*discordsez.com
*discordstatus.com
*atlassolutions.com
*rutrk.org
*missav.ws
*steamdb.info
*zenless.tools
*adult.noodlemagazine.com
*trello.com
*animejoy.ru
*anime-joy.online
*anime-joy.ru
*mangalib.me
*ranobelib.me
*slashlib.me
*hentailib.me
*zzz.rng.moe
bytecdn.cn
byted.org
byteoversea.com
ibytedtos.com
ibyteimg.com
muscdn.com
musemuse.cn
musica.ly
musical.ly
p16-tiktokcdn-com.akamaized.net
tik-tokapi.com
tiktok.com
tiktok.com.c.footprint.net
tiktok.net
tiktokcdn.com
tiktokcdn.com.c.worldfcdn.com
tiktokcdn.com.wsdvs.com
tiktokcdn.liveplay.myqcloud.com
tiktokd.net
tiktokd.org
tiktokv.com
tiktokv.us
tiktokw.us
ttwstatic.com
v.tiktok.com
v.tiktok.net
chat.openai.com
*chatgpt.com
*auth.openai.com
auth0.openai.com
*ns1.cloudflare.net
*cdn.oaistatic.com
*openai.com
*files.oaiusercontent.com
*api.openai.com
*ab.chatgpt.com
*arena.openai.com
